lib/supabase/proxy.ts(19,16): error TS7006: Parameter 'cookiesToSet' implicitly has an 'any' type.
lib/supabase/proxy.ts(20,35): error TS7031: Binding element 'name' implicitly has an 'any' type.
lib/supabase/proxy.ts(20,41): error TS7031: Binding element 'value' implicitly has an 'any' type.
lib/supabase/proxy.ts(26,35): error TS7031: Binding element 'name' implicitly has an 'any' type.
lib/supabase/proxy.ts(26,41): error TS7031: Binding element 'value' implicitly has an 'any' type.
lib/supabase/proxy.ts(26,48): error TS7031: Binding element 'options' implicitly has an 'any' type.
lib/supabase/server.ts(20,16): error TS7006: Parameter 'cookiesToSet' implicitly has an 'any' type.
lib/supabase/server.ts(22,37): error TS7031: Binding element 'name' implicitly has an 'any' type.
lib/supabase/server.ts(22,43): error TS7031: Binding element 'value' implicitly has an 'any' type.
lib/supabase/server.ts(22,50): error TS7031: Binding element 'options' implicitly has an 'any' type.
